2025/04/18 06:10:59 [error] 29#29: *28 open() "/etc/nginx/html/.well-known/oauth-authorization-server/realms/local-keycloak" failed (2: No such file or directory), client: 192.168.65.1, server: localhost, request: "GET /.well-known/oauth-authorization-server/realms/local-keycloak HTTP/1.1", host: "localhost:7080"
2025/04/18 06:12:23 [error] 29#29: *33 open() "/etc/nginx/html/favicon.ico" failed (2: No such file or directory), client: 192.168.65.1, server: localhost, request: "GET /favicon.ico HTTP/1.1", host: "localhost:7080"
2025/04/18 06:14:32 [error] 29#29: *1 upstream prematurely closed connection while reading response header from upstream, client: 192.168.65.1, server: localhost, request: "GET /auth/realms/local-keycloak HTTP/1.1", upstream: "http://192.168.65.254:8080/realms/local-keycloak", host: "localhost:7080"
2025/04/18 06:14:33 [error] 29#29: *1 upstream prematurely closed connection while reading response header from upstream, client: 192.168.65.1, server: localhost, request: "GET /auth/realms/local-keycloak HTTP/1.1", upstream: "http://192.168.65.254:8080/realms/local-keycloak", host: "localhost:7080"
2025/04/18 06:14:33 [error] 29#29: *1 upstream prematurely closed connection while reading response header from upstream, client: 192.168.65.1, server: localhost, request: "GET /auth/realms/local-keycloak HTTP/1.1", upstream: "http://192.168.65.254:8080/realms/local-keycloak", host: "localhost:7080"
2025/04/18 06:14:34 [error] 29#29: *1 upstream prematurely closed connection while reading response header from upstream, client: 192.168.65.1, server: localhost, request: "GET /auth/realms/local-keycloak HTTP/1.1", upstream: "http://192.168.65.254:8080/realms/local-keycloak", host: "localhost:7080"
2025/04/18 06:14:34 [error] 29#29: *1 upstream prematurely closed connection while reading response header from upstream, client: 192.168.65.1, server: localhost, request: "GET /auth/realms/local-keycloak HTTP/1.1", upstream: "http://192.168.65.254:8080/realms/local-keycloak", host: "localhost:7080"
2025/04/18 06:14:34 [error] 29#29: *1 upstream prematurely closed connection while reading response header from upstream, client: 192.168.65.1, server: localhost, request: "GET /auth/realms/local-keycloak HTTP/1.1", upstream: "http://192.168.65.254:8080/realms/local-keycloak", host: "localhost:7080"
2025/04/18 06:14:35 [error] 29#29: *1 upstream prematurely closed connection while reading response header from upstream, client: 192.168.65.1, server: localhost, request: "GET /auth/realms/local-keycloak HTTP/1.1", upstream: "http://192.168.65.254:8080/realms/local-keycloak", host: "localhost:7080"
2025/04/18 06:14:35 [error] 29#29: *1 upstream prematurely closed connection while reading response header from upstream, client: 192.168.65.1, server: localhost, request: "GET /auth/realms/local-keycloak HTTP/1.1", upstream: "http://192.168.65.254:8080/realms/local-keycloak", host: "localhost:7080"
2025/04/18 06:14:36 [error] 29#29: *1 upstream prematurely closed connection while reading response header from upstream, client: 192.168.65.1, server: localhost, request: "GET /auth/realms/local-keycloak HTTP/1.1", upstream: "http://192.168.65.254:8080/realms/local-keycloak", host: "localhost:7080"
2025/04/18 06:14:36 [error] 29#29: *1 upstream prematurely closed connection while reading response header from upstream, client: 192.168.65.1, server: localhost, request: "GET /auth/realms/local-keycloak HTTP/1.1", upstream: "http://192.168.65.254:8080/realms/local-keycloak", host: "localhost:7080"
2025/04/18 06:14:37 [error] 29#29: *1 upstream prematurely closed connection while reading response header from upstream, client: 192.168.65.1, server: localhost, request: "GET /auth/realms/local-keycloak HTTP/1.1", upstream: "http://192.168.65.254:8080/realms/local-keycloak", host: "localhost:7080"
2025/04/18 06:14:37 [error] 29#29: *1 upstream prematurely closed connection while reading response header from upstream, client: 192.168.65.1, server: localhost, request: "GET /auth/realms/local-keycloak HTTP/1.1", upstream: "http://192.168.65.254:8080/realms/local-keycloak", host: "localhost:7080"
2025/04/18 06:14:38 [error] 29#29: *1 upstream prematurely closed connection while reading response header from upstream, client: 192.168.65.1, server: localhost, request: "GET /auth/realms/local-keycloak HTTP/1.1", upstream: "http://192.168.65.254:8080/realms/local-keycloak", host: "localhost:7080"
2025/04/18 06:14:38 [error] 29#29: *1 upstream prematurely closed connection while reading response header from upstream, client: 192.168.65.1, server: localhost, request: "GET /auth/realms/local-keycloak HTTP/1.1", upstream: "http://192.168.65.254:8080/realms/local-keycloak", host: "localhost:7080"
2025/04/18 06:14:38 [error] 29#29: *1 upstream prematurely closed connection while reading response header from upstream, client: 192.168.65.1, server: localhost, request: "GET /auth/realms/local-keycloak HTTP/1.1", upstream: "http://192.168.65.254:8080/realms/local-keycloak", host: "localhost:7080"
2025/04/18 06:14:38 [error] 29#29: *1 upstream prematurely closed connection while reading response header from upstream, client: 192.168.65.1, server: localhost, request: "GET /auth/realms/local-keycloak HTTP/1.1", upstream: "http://192.168.65.254:8080/realms/local-keycloak", host: "localhost:7080"
2025/04/18 06:14:39 [error] 29#29: *1 upstream prematurely closed connection while reading response header from upstream, client: 192.168.65.1, server: localhost, request: "GET /auth/realms/local-keycloak HTTP/1.1", upstream: "http://192.168.65.254:8080/realms/local-keycloak", host: "localhost:7080"
2025/04/18 06:14:39 [error] 29#29: *1 upstream prematurely closed connection while reading response header from upstream, client: 192.168.65.1, server: localhost, request: "GET /auth/realms/local-keycloak HTTP/1.1", upstream: "http://192.168.65.254:8080/realms/local-keycloak", host: "localhost:7080"
2025/04/18 06:14:40 [error] 29#29: *1 upstream prematurely closed connection while reading response header from upstream, client: 192.168.65.1, server: localhost, request: "GET /auth/realms/local-keycloak HTTP/1.1", upstream: "http://192.168.65.254:8080/realms/local-keycloak", host: "localhost:7080"
2025/04/18 06:15:20 [error] 30#30: *25 open() "/etc/nginx/html/favicon.ico" failed (2: No such file or directory), client: 192.168.65.1, server: localhost, request: "GET /favicon.ico HTTP/1.1", host: "localhost:7080"
2025/04/18 06:18:25 [error] 33#33: *5 open() "/etc/nginx/html/favicon.ico" failed (2: No such file or directory), client: 192.168.65.1, server: localhost, request: "GET /favicon.ico HTTP/1.1", host: "localhost:7080", referrer: "http://localhost:7080/auth/realms/local-keycloak/.well-known/openid-configuration"
2025/04/18 06:18:31 [error] 30#30: *8 open() "/etc/nginx/html/favicon.ico" failed (2: No such file or directory), client: 192.168.65.1, server: localhost, request: "GET /favicon.ico HTTP/1.1", host: "localhost:7080"
2025/04/18 06:20:42 [error] 30#30: *1 upstream prematurely closed connection while reading response header from upstream, client: 192.168.65.1, server: localhost, request: "GET /auth/auth/realms/local-keycloak/.well-known/openid-configuration HTTP/1.1", upstream: "http://192.168.65.254:8080/auth/auth/realms/local-keycloak/.well-known/openid-configuration", host: "localhost:7080"
2025/04/18 06:20:43 [error] 30#30: *1 upstream prematurely closed connection while reading response header from upstream, client: 192.168.65.1, server: localhost, request: "GET /auth/auth/realms/local-keycloak/.well-known/openid-configuration HTTP/1.1", upstream: "http://192.168.65.254:8080/auth/auth/realms/local-keycloak/.well-known/openid-configuration", host: "localhost:7080"
2025/04/18 06:20:45 [error] 30#30: *1 upstream prematurely closed connection while reading response header from upstream, client: 192.168.65.1, server: localhost, request: "GET /auth/realms/local-keycloak/.well-known/openid-configuration HTTP/1.1", upstream: "http://192.168.65.254:8080/auth/realms/local-keycloak/.well-known/openid-configuration", host: "localhost:7080"
2025/04/18 06:20:46 [error] 29#29: *6 open() "/etc/nginx/html/favicon.ico" failed (2: No such file or directory), client: 192.168.65.1, server: localhost, request: "GET /favicon.ico HTTP/1.1", host: "localhost:7080"
2025/04/18 06:21:09 [error] 29#29: *6 open() "/etc/nginx/html/favicon.ico" failed (2: No such file or directory), client: 192.168.65.1, server: localhost, request: "GET /favicon.ico HTTP/1.1", host: "localhost:7080"
2025/04/18 06:23:14 [error] 33#33: *5 open() "/etc/nginx/html/favicon.ico" failed (2: No such file or directory), client: 192.168.65.1, server: localhost, request: "GET /favicon.ico HTTP/1.1", host: "localhost:7080"
2025/04/18 06:23:18 [error] 29#29: *3 open() "/etc/nginx/html/realms/local-keycloak/protocol/openid-connect" failed (2: No such file or directory), client: 192.168.65.1, server: localhost, request: "GET /realms/local-keycloak/protocol/openid-connect HTTP/1.1", host: "localhost:7080"
2025/04/18 06:23:23 [error] 29#29: *3 open() "/etc/nginx/html/resources/q7llz/common/keycloak/vendor/patternfly-v5/patternfly.min.css" failed (2: No such file or directory), client: 192.168.65.1, server: localhost, request: "GET /resources/q7llz/common/keycloak/vendor/patternfly-v5/patternfly.min.css HTTP/1.1", host: "localhost:7080"
2025/04/18 06:23:23 [error] 31#31: *7 open() "/etc/nginx/html/resources/q7llz/login/keycloak.v2/css/styles.css" failed (2: No such file or directory), client: 192.168.65.1, server: localhost, request: "GET /resources/q7llz/login/keycloak.v2/css/styles.css HTTP/1.1", host: "localhost:7080"
2025/04/18 06:23:23 [error] 32#32: *8 open() "/etc/nginx/html/resources/q7llz/login/keycloak.v2/js/authChecker.js" failed (2: No such file or directory), client: 192.168.65.1, server: localhost, request: "GET /resources/q7llz/login/keycloak.v2/js/authChecker.js HTTP/1.1", host: "localhost:7080"
2025/04/18 06:23:23 [error] 35#35: *9 open() "/etc/nginx/html/resources/q7llz/login/keycloak.v2/js/passwordVisibility.js" failed (2: No such file or directory), client: 192.168.65.1, server: localhost, request: "GET /resources/q7llz/login/keycloak.v2/js/passwordVisibility.js HTTP/1.1", host: "localhost:7080"
2025/04/18 06:23:23 [error] 36#36: *10 open() "/etc/nginx/html/resources/q7llz/common/keycloak/vendor/patternfly-v5/patternfly-addons.css" failed (2: No such file or directory), client: 192.168.65.1, server: localhost, request: "GET /resources/q7llz/common/keycloak/vendor/patternfly-v5/patternfly-addons.css HTTP/1.1", host: "localhost:7080"
2025/04/18 06:23:23 [error] 29#29: *3 open() "/etc/nginx/html/resources/q7llz/login/keycloak.v2/img/favicon.ico" failed (2: No such file or directory), client: 192.168.65.1, server: localhost, request: "GET /resources/q7llz/login/keycloak.v2/img/favicon.ico HTTP/1.1", host: "localhost:7080"
2025/04/18 22:12:48 [error] 28#28: *7 open() "/etc/nginx/html/favicon.ico" failed (2: No such file or directory), client: 192.168.65.1, server: localhost, request: "GET /favicon.ico HTTP/1.1", host: "localhost:7080"
2025/04/18 22:13:36 [error] 35#35: *5 open() "/etc/nginx/html/realms/local-keycloak/protocol/openid-connect" failed (2: No such file or directory), client: 192.168.65.1, server: localhost, request: "GET /realms/local-keycloak/protocol/openid-connect HTTP/1.1", host: "localhost:7080"
2025/04/18 22:13:36 [error] 35#35: *5 open() "/etc/nginx/html/favicon.ico" failed (2: No such file or directory), client: 192.168.65.1, server: localhost, request: "GET /favicon.ico HTTP/1.1", host: "localhost:7080", referrer: "http://localhost:7080/realms/local-keycloak/protocol/openid-connect"
2025/04/18 22:13:42 [error] 34#34: *8 open() "/etc/nginx/html/resources/dhply/common/keycloak/vendor/patternfly-v5/patternfly.min.css" failed (2: No such file or directory), client: 192.168.65.1, server: localhost, request: "GET /resources/dhply/common/keycloak/vendor/patternfly-v5/patternfly.min.css HTTP/1.1", host: "localhost:7080"
2025/04/18 22:13:42 [error] 31#31: *10 open() "/etc/nginx/html/resources/dhply/common/keycloak/vendor/patternfly-v5/patternfly-addons.css" failed (2: No such file or directory), client: 192.168.65.1, server: localhost, request: "GET /resources/dhply/common/keycloak/vendor/patternfly-v5/patternfly-addons.css HTTP/1.1", host: "localhost:7080"
2025/04/18 22:13:42 [error] 33#33: *11 open() "/etc/nginx/html/resources/dhply/login/keycloak.v2/css/styles.css" failed (2: No such file or directory), client: 192.168.65.1, server: localhost, request: "GET /resources/dhply/login/keycloak.v2/css/styles.css HTTP/1.1", host: "localhost:7080"
2025/04/18 22:13:42 [error] 32#32: *12 open() "/etc/nginx/html/resources/dhply/login/keycloak.v2/js/passwordVisibility.js" failed (2: No such file or directory), client: 192.168.65.1, server: localhost, request: "GET /resources/dhply/login/keycloak.v2/js/passwordVisibility.js HTTP/1.1", host: "localhost:7080"
2025/04/18 22:13:42 [error] 34#34: *8 open() "/etc/nginx/html/resources/dhply/login/keycloak.v2/js/authChecker.js" failed (2: No such file or directory), client: 192.168.65.1, server: localhost, request: "GET /resources/dhply/login/keycloak.v2/js/authChecker.js HTTP/1.1", host: "localhost:7080"
2025/04/18 22:13:42 [error] 34#34: *8 open() "/etc/nginx/html/resources/dhply/login/keycloak.v2/img/favicon.ico" failed (2: No such file or directory), client: 192.168.65.1, server: localhost, request: "GET /resources/dhply/login/keycloak.v2/img/favicon.ico HTTP/1.1", host: "localhost:7080"
2025/04/18 22:13:56 [error] 34#34: *8 open() "/etc/nginx/html/realms/local-keycloak/protocol/openid-connect" failed (2: No such file or directory), client: 192.168.65.1, server: localhost, request: "GET /realms/local-keycloak/protocol/openid-connect HTTP/1.1", host: "localhost:7080"
2025/04/18 22:14:04 [error] 33#33: *11 open() "/etc/nginx/html/resources/dhply/login/keycloak.v2/css/styles.css" failed (2: No such file or directory), client: 192.168.65.1, server: localhost, request: "GET /resources/dhply/login/keycloak.v2/css/styles.css HTTP/1.1", host: "localhost:7080"
2025/04/18 22:14:04 [error] 34#34: *8 open() "/etc/nginx/html/resources/dhply/common/keycloak/vendor/patternfly-v5/patternfly.min.css" failed (2: No such file or directory), client: 192.168.65.1, server: localhost, request: "GET /resources/dhply/common/keycloak/vendor/patternfly-v5/patternfly.min.css HTTP/1.1", host: "localhost:7080"
2025/04/18 22:14:04 [error] 29#29: *14 open() "/etc/nginx/html/resources/dhply/login/keycloak.v2/js/authChecker.js" failed (2: No such file or directory), client: 192.168.65.1, server: localhost, request: "GET /resources/dhply/login/keycloak.v2/js/authChecker.js HTTP/1.1", host: "localhost:7080"
2025/04/18 22:14:04 [error] 31#31: *10 open() "/etc/nginx/html/resources/dhply/common/keycloak/vendor/patternfly-v5/patternfly-addons.css" failed (2: No such file or directory), client: 192.168.65.1, server: localhost, request: "GET /resources/dhply/common/keycloak/vendor/patternfly-v5/patternfly-addons.css HTTP/1.1", host: "localhost:7080"
2025/04/18 22:14:04 [error] 32#32: *12 open() "/etc/nginx/html/resources/dhply/login/keycloak.v2/js/passwordVisibility.js" failed (2: No such file or directory), client: 192.168.65.1, server: localhost, request: "GET /resources/dhply/login/keycloak.v2/js/passwordVisibility.js HTTP/1.1", host: "localhost:7080"
2025/04/18 22:20:32 [error] 30#30: *2 open() "/etc/nginx/html/.well-known/openid-configuration/auth/realms/local-keycloak" failed (2: No such file or directory), client: 192.168.65.1, server: localhost, request: "GET /.well-known/openid-configuration/auth/realms/local-keycloak HTTP/1.1", host: "localhost:7080"
2025/04/18 22:20:32 [error] 30#30: *2 open() "/etc/nginx/html/.well-known/oauth-authorization-server/auth/realms/local-keycloak" failed (2: No such file or directory), client: 192.168.65.1, server: localhost, request: "GET /.well-known/oauth-authorization-server/auth/realms/local-keycloak HTTP/1.1", host: "localhost:7080"
2025/04/18 22:20:51 [error] 31#31: *4 open() "/etc/nginx/html/realms/local-keycloak" failed (2: No such file or directory), client: 192.168.65.1, server: localhost, request: "GET //realms/local-keycloak HTTP/1.1", host: "localhost:7080"
2025/04/18 22:22:15 [error] 34#34: *3 open() "/etc/nginx/html/favicon.ico" failed (2: No such file or directory), client: 192.168.65.1, server: localhost, request: "GET /favicon.ico HTTP/1.1", host: "localhost:7080"
2025/04/18 22:25:02 [error] 32#32: *9 open() "/etc/nginx/html/api/book/1" failed (2: No such file or directory), client: 192.168.65.1, server: localhost, request: "GET /api/book/1 HTTP/1.1", host: "localhost:7080"
2025/04/18 22:25:18 [error] 32#32: *9 open() "/etc/nginx/html/api/api/book/1" failed (2: No such file or directory), client: 192.168.65.1, server: localhost, request: "GET /api/api/book/1 HTTP/1.1", host: "localhost:7080"
2025/04/19 17:00:06 [error] 28#28: *197 open() "/etc/nginx/html/realms/local-keycloak" failed (2: No such file or directory), client: 192.168.65.1, server: localhost, request: "GET /realms/local-keycloak?response_type=code&client_id=local-keycloak-confidential&redirect_uri=http%3A%2F%2Flocalhost%3A7080%2Flogin%2Foauth2%2Fcode%2Fkeycloak HTTP/1.1", host: "localhost:7080"
2025/04/19 17:00:22 [error] 28#28: *199 open() "/etc/nginx/html/realms/local-keycloak" failed (2: No such file or directory), client: 192.168.65.1, server: localhost, request: "GET /realms/local-keycloak?response_type=code&client_id=local-keycloak-confidential&redirect_uri=https%3A%2F%2Foauth.pstmn.io%2Fv1%2Fcallback HTTP/1.1", host: "localhost:7080"
2025/04/19 17:01:14 [error] 28#28: *203 open() "/etc/nginx/html/favicon.ico" failed (2: No such file or directory), client: 192.168.65.1, server: localhost, request: "GET /favicon.ico HTTP/1.1", host: "localhost:7080"
2025/04/19 17:01:52 [error] 28#28: *199 "/etc/nginx/html/index.html" is not found (2: No such file or directory), client: 192.168.65.1, server: localhost, request: "GET / HTTP/1.1", host: "localhost:7080"
2025/04/19 17:03:23 [error] 29#29: *236 open() "/etc/nginx/html/favicon.ico" failed (2: No such file or directory), client: 192.168.65.1, server: localhost, request: "GET /favicon.ico HTTP/1.1", host: "localhost:7080"
2025/04/19 17:05:22 [error] 29#29: *251 open() "/etc/nginx/html/favicon.ico" failed (2: No such file or directory), client: 192.168.65.1, server: localhost, request: "GET /favicon.ico HTTP/1.1", host: "localhost:7080"
2025/04/19 17:06:11 [error] 29#29: *251 open() "/etc/nginx/html/favicon.ico" failed (2: No such file or directory), client: 192.168.65.1, server: localhost, request: "GET /favicon.ico HTTP/1.1", host: "localhost:7080"
